exports[`LoginForm creates a new user 1`] = `<Connect(ReduxForm) />`;
