exports[`AlbumList renders App 1`] = `<Connect(App) />`;
